################################################################################
#                                                                              #
#      IAR Universal Linker V6.1.3.56                                          #
#                                                                              #
#           Link time     =  04/May/2015  14:47:30                             #
#           Target CPU    =  A90                                               #
#           List file     =  C:\Users\lisa\Desktop\LIN_BWS\LIN_MASTER_EXAMPLE\ #
#                            Debug\List\Lin_Master_Example.map                 #
#           Output file 1 =  C:\Users\lisa\Desktop\LIN_BWS\LIN_MASTER_EXAMPLE\ #
#                            Debug\Exe\Lin_Master_Example.dbg                  #
#                            Format: debug                                     #
#                            UBROF version 10.0.6                              #
#                            Using library modules for C-SPY (-rt)             #
#           Command line  =  C:\Users\lisa\Desktop\LIN_BWS\LIN_MASTER_EXAMPLE\ #
#                            Debug\Obj\lin_drv_usart.r90                       #
#                            C:\Users\lisa\Desktop\LIN_BWS\LIN_MASTER_EXAMPLE\ #
#                            Debug\Obj\lin_lib.r90                             #
#                            C:\Users\lisa\Desktop\LIN_BWS\LIN_MASTER_EXAMPLE\ #
#                            Debug\Obj\lin_master_example_main.r90             #
#                            C:\Users\lisa\Desktop\LIN_BWS\LIN_MASTER_EXAMPLE\ #
#                            Debug\Obj\master_lin.r90                          #
#                            C:\Users\lisa\Desktop\LIN_BWS\LIN_MASTER_EXAMPLE\ #
#                            Debug\Obj\timer1ovf_isr.r90                       #
#                            C:\Users\lisa\Desktop\LIN_BWS\LIN_MASTER_EXAMPLE\ #
#                            Debug\Obj\timer2_lib.r90                          #
#                            C:\Users\lisa\Desktop\LIN_BWS\LIN_MASTER_EXAMPLE\ #
#                            Debug\Obj\timer2ovf_isr.r90                       #
#                            -o                                                #
#                            C:\Users\lisa\Desktop\LIN_BWS\LIN_MASTER_EXAMPLE\ #
#                            Debug\Exe\Lin_Master_Example.dbg                  #
#                            -z -l                                             #
#                            C:\Users\lisa\Desktop\LIN_BWS\LIN_MASTER_EXAMPLE\ #
#                            Debug\List\Lin_Master_Example.map                 #
#                            -xms                                              #
#                            "-IC:\Program Files (x86)\IAR Systems\Embedded Wo #
#                            rkbench 7.0\avr\LIB\"                             #
#                            -f                                                #
#                            "C:\Program Files (x86)\IAR Systems\Embedded Work #
#                            bench 7.0\avr\config\lnkcan128s.xcl"              #
#                            (-D_..X_INTVEC_SIZE=94 -D_..X_FLASH_TEND=FF       #
#                            -D_..X_FLASH_NEND=FFFF -D_..X_FLASH_END=1FFFF     #
#                            -D_..X_SRAM_BASE=100 -D_..X_SRAM_TEND=100         #
#                            -D_..X_SRAM_END=10FF -D_..X_EEPROM_END=FFF        #
#                            -D_..X_CSTACK_SIZE=200 -D_..X_RSTACK_SIZE=40      #
#                            -D_..X_HEAP_SIZE=100 -D_..X_NEAR_HEAP_SIZE=100    #
#                            -D_..X_EXT_SRAM_BASE=_..X_SRAM_BASE               #
#                            -D_..X_EXT_SRAM_END=_..X_SRAM_END                 #
#                            -D_..X_EXT_EPROM_BASE=_..X_SRAM_BASE              #
#                            -D_..X_EXT_EPROM_END=_..X_SRAM_END                #
#                            -D_..X_EXT_EEPROM_BASE=_..X_SRAM_BASE             #
#                            -D_..X_EXT_EEPROM_END=_..X_SRAM_END -ca90         #
#                            -Z(CODE)INTVEC=0-(_..X_INTVEC_SIZE-1) -H1895      #
#                            -h(CODE)0-_..X_INTVEC_SIZE                        #
#                            -Z(CODE)TINY_F=_..X_INTVEC_SIZE-_..X_FLASH_TEND   #
#                            -Z(CODE)NEAR_F,SWITCH,DIFUNCT=_..X_INTVEC_SIZE-_. #
#                            .X_FLASH_NEND                                     #
#                            -Z(CODE)CODE=_..X_INTVEC_SIZE-_..X_FLASH_END      #
#                            -P(CODE)FAR_F=[_..X_INTVEC_SIZE-_..X_FLASH_END]/1 #
#                            0000                                              #
#                            -Z(CODE)HUGE_F,INITTAB=_..X_INTVEC_SIZE-_..X_FLAS #
#                            H_END                                             #
#                            -Z(CODE)TINY_ID,NEAR_ID=_..X_INTVEC_SIZE-_..X_FLA #
#                            SH_END                                            #
#                            -Z(CODE)CHECKSUM#_..X_FLASH_END                   #
#                            -Z(DATA)TINY_I,TINY_Z,TINY_N=_..X_SRAM_BASE-_..X_ #
#                            SRAM_TEND                                         #
#                            -Z(DATA)NEAR_I,NEAR_Z=_..X_SRAM_BASE-_..X_SRAM_EN #
#                            D,_..X_EXT_SRAM_BASE-_..X_EXT_SRAM_END            #
#                            -Z(DATA)RSTACK+_..X_RSTACK_SIZE=_..X_SRAM_BASE-_. #
#                            .X_SRAM_END                                       #
#                            -Z(DATA)CSTACK+_..X_CSTACK_SIZE=_..X_SRAM_BASE-_. #
#                            .X_SRAM_END                                       #
#                            -Z(DATA)HEAP+_..X_HEAP_SIZE=_..X_SRAM_BASE-_..X_S #
#                            RAM_END,_..X_EXT_SRAM_BASE-_..X_EXT_SRAM_END      #
#                            -Z(DATA)IOSTREAM_N#_..X_SRAM_BASE-_..X_SRAM_END,_ #
#                            ..X_EXT_SRAM_BASE-_..X_EXT_SRAM_END               #
#                            -Z(DATA)NEAR_HEAP+_..X_NEAR_HEAP_SIZE=_..X_SRAM_B #
#                            ASE-_..X_SRAM_END,_..X_EXT_SRAM_BASE-_..X_EXT_SRA #
#                            M_END                                             #
#                            -Z(XDATA)EEPROM_I,EEPROM_N=0-_..X_EEPROM_END      #
#                            -Z(CONST)NEAR_C=_..X_EXT_EPROM_BASE-_..X_EXT_EPRO #
#                            M_END                                             #
#                            -Z(DATA)NEAR_N=_..X_EXT_EEPROM_BASE-_..X_EXT_EEPR #
#                            OM_END                                            #
#                            -w29) -we001=i -rt -s __program_start             #
#                            "C:\Program Files (x86)\IAR Systems\Embedded Work #
#                            bench 7.0\avr\LIB\CLIB\cl3s-ec_mul.r90"           #
#                                                                              #
#                           Copyright (C) 1987-2014 IAR Systems AB.            #
################################################################################





                ****************************************
                *                                      *
                *           CROSS REFERENCE            *
                *                                      *
                ****************************************

       Program entry at : CODE      00000000  Relocatable, from module : ?RESET




                ****************************************
                *                                      *
                *            RUNTIME MODEL             *
                *                                      *
                ****************************************

  R4              = REG
  __64bit_doubles = disabled
  __SystemLibrary = CLib
  __cpu           = 3
  __cpu_name      = AT90CAN128
  __enhanced_core = enabled
  __has_elpm      = true
  __memory_model  = 2
  __no_rampd      = enabled
  __rt_version    = 3
  __tiny_avr      = false

                ****************************************
                *                                      *
                *    AUTOMATIC SYMBOL REDIRECTIONS     *
                *                                      *
                ****************************************

                  There are no automatic symbol redirections.



                ****************************************
                *                                      *
                *              MODULE MAP              *
                *                                      *
                ****************************************


  DEFINED ABSOLUTE ENTRIES
  PROGRAM MODULE, NAME : ?ABS_ENTRY_MOD

Absolute parts
           ENTRY                   ADDRESS         REF BY
           =====                   =======         ======
           _..X_EXT_EEPROM_END     000010FF 
           _..X_EXT_EEPROM_BASE    00000100 
           _..X_EXT_EPROM_END      000010FF 
           _..X_EXT_EPROM_BASE     00000100 
           _..X_EXT_SRAM_END       000010FF 
           _..X_EXT_SRAM_BASE      00000100 
           _..X_NEAR_HEAP_SIZE     00000100 
           _..X_HEAP_SIZE          00000100 
           _..X_RSTACK_SIZE        00000040 
           _..X_CSTACK_SIZE        00000200 
           _..X_EEPROM_END         00000FFF 
           _..X_SRAM_END           000010FF 
           _..X_SRAM_TEND          00000100 
           _..X_SRAM_BASE          00000100 
           _..X_FLASH_END          0001FFFF 
           _..X_FLASH_NEND         0000FFFF 
           _..X_FLASH_TEND         000000FF 
           _..X_INTVEC_SIZE        00000094 
    *************************************************************************

  FILE NAME : C:\Users\lisa\Desktop\LIN_BWS\LIN_MASTER_EXAMPLE\Debug\Obj\lin_drv_usart.r90
  PROGRAM MODULE, NAME : lin_drv_usart

  SEGMENTS IN THE MODULE
  ======================
ABSOLUTE
  Relative segment, address: DATA 000000FA - 000000FA (0x1 bytes), align: 0
  Segment part 1. ROOT 
           ENTRY                   ADDRESS         REF BY
           =====                   =======         ======
           _A_CANMSG               000000FA 
           LOCAL                   ADDRESS         
           =====                   =======         
           CANMSG                  000000FA 
    -------------------------------------------------------------------------
ABSOLUTE
  Relative segment, address: DATA 000000F8 - 000000F9 (0x2 bytes), align: 0
  Segment part 2. ROOT 
           ENTRY                   ADDRESS         REF BY
           =====                   =======         ======
           _A_CANSTM               000000F8 
           LOCAL                   ADDRESS         
           =====                   =======         
           CANSTM                  000000F8 
           CANSTMH                 000000F9 
           CANSTML                 000000F8 
    -------------------------------------------------------------------------
ABSOLUTE
  Relative segment, address: DATA 000000F7 - 000000F7 (0x1 bytes), align: 0
  Segment part 3. ROOT 
           ENTRY                   ADDRESS         REF BY
           =====                   =======         ======
           _A_CANIDM1              000000F7 
           LOCAL                   ADDRESS         
           =====                   =======         
           CANIDM1                 000000F7 
    -------------------------------------------------------------------------
ABSOLUTE
  Relative segment, address: DATA 000000F6 - 000000F6 (0x1 bytes), align: 0
  Segment part 4. ROOT 
           ENTRY                   ADDRESS         REF BY
           =====                   =======         ======
           _A_CANIDM2              000000F6 
           LOCAL                   ADDRESS         
           =====                   =======         
           CANIDM2                 000000F6 
    -------------------------------------------------------------------------
ABSOLUTE
  Relative segment, address: DATA 000000F5 - 000000F5 (0x1 bytes), align: 0
  Segment part 5. ROOT 
           ENTRY                   ADDRESS         REF BY
           =====                   =======         ======
           _A_CANIDM3              000000F5 
           LOCAL                   ADDRESS         
           =====                   =======         
           CANIDM3                 000000F5 
    -------------------------------------------------------------------------
ABSOLUTE
  Relative segment, address: DATA 000000F4 - 000000F4 (0x1 bytes), align: 0
  Segment part 6. ROOT 
           ENTRY                   ADDRESS         REF BY
           =====                   =======         ======
           _A_CANIDM4              000000F4 
           LOCAL                   ADDRESS         
           =====                   =======         
           CANIDM4                 000000F4 
    -------------------------------------------------------------------------
ABSOLUTE
  Relative segment, address: DATA 000000F3 - 000000F3 (0x1 bytes), align: 0
  Segment part 7. ROOT 
           ENTRY                   ADDRESS         REF BY
           =====                   =======         ======
           _A_CANIDT1              000000F3 
           LOCAL                   ADDRESS         
           =====                   =======         
           CANIDT1                 000000F3 
    -------------------------------------------------------------------------
ABSOLUTE
  Relative segment, address: DATA 000000F2 - 000000F2 (0x1 bytes), align: 0
  Segment part 8. ROOT 
           ENTRY                   ADDRESS         REF BY
           =====                   =======         ======
           _A_CANIDT2              000000F2 
           LOCAL                   ADDRESS         
           =====                   =======         
           CANIDT2                 000000F2 
    -------------------------------------------------------------------------
ABSOLUTE
  Relative segment, address: DATA 000000F1 - 000000F1 (0x1 bytes), align: 0
  Segment part 9. ROOT 
           ENTRY                   ADDRESS         REF BY
           =====                   =======         ======
           _A_CANIDT3              000000F1 
           LOCAL                   ADDRESS         
           =====                   =======         
           CANIDT3                 000000F1 
    -------------------------------------------------------------------------
ABSOLUTE
  Relative segment, address: DATA 000000F0 - 000000F0 (0x1 bytes), align: 0
  Segment part 10. ROOT 
           ENTRY                   ADDRESS         REF BY
           =====                   =======         ======
           _A_CANIDT4              000000F0 
           LOCAL                   ADDRESS         
           =====                   =======         
           CANIDT4                 000000F0 
    -------------------------------------------------------------------------
ABSOLUTE
  Relative segment, address: DATA 000000EF - 000000EF (0x1 bytes), align: 0
  Segment part 11. ROOT 
           ENTRY                   ADDRESS         REF BY
           =====                   =======         ======
           _A_CANCDMOB             000000EF 
           LOCAL                   ADDRESS         
           =====                   =======         
           CANCDMOB                000000EF 
    -------------------------------------------------------------------------
ABSOLUTE
  Relative segment, address: DATA 000000EE - 000000EE (0x1 bytes), align: 0
  Segment part 12. ROOT 
           ENTRY                   ADDRESS         REF BY
           =====                   =======         ======
           _A_CANSTMOB             000000EE 
           LOCAL                   ADDRESS         
           =====                   =======         
           CANSTMOB                000000EE 
    -------------------------------------------------------------------------
ABSOLUTE
  Relative segment, address: DATA 000000ED - 000000ED (0x1 bytes), align: 0
  Segment part 13. ROOT 
           ENTRY                   ADDRESS         REF BY
           =====                   =======         ======
           _A_CANPAGE              000000ED 
           LOCAL                   ADDRESS         
           =====                   =======         
           CANPAGE                 000000ED 
    -------------------------------------------------------------------------
ABSOLUTE
  Relative segment, address: DATA 000000EC - 000000EC (0x1 bytes), align: 0
  Segment part 14. ROOT 
           ENTRY                   ADDRESS         REF BY
           =====                   =======         ======
           _A_CANHPMOB             000000EC 
           LOCAL                   ADDRESS         
           =====                   =======         
           CANHPMOB                000000EC 
    -------------------------------------------------------------------------
ABSOLUTE
  Relative segment, address: DATA 000000EB - 000000EB (0x1 bytes), align: 0
  Segment part 15. ROOT 
           ENTRY                   ADDRESS         REF BY
           =====                   =======         ======
           _A_CANREC               000000EB 
           LOCAL                   ADDRESS         
           =====                   =======         
           CANREC                  000000EB 
    -------------------------------------------------------------------------
ABSOLUTE
  Relative segment, address: DATA 000000EA - 000000EA (0x1 bytes), align: 0
  Segment part 16. ROOT 
           ENTRY                   ADDRESS         REF BY
           =====                   =======         ======
           _A_CANTEC               000000EA 
           LOCAL                   ADDRESS         
           =====                   =======         
           CANTEC                  000000EA 
    -------------------------------------------------------------------------
ABSOLUTE
  Relative segment, address: DATA 000000E8 - 000000E9 (0x2 bytes), align: 0
  Segment part 17. ROOT 
           ENTRY                   ADDRESS         REF BY
           =====                   =======         ======
           _A_CANTTC               000000E8 
           LOCAL                   ADDRESS         
           =====                   =======         
           CANTTC                  000000E8 
           CANTTCH                 000000E9 
           CANTTCL                 000000E8 
    -------------------------------------------------------------------------
ABSOLUTE
  Relative segment, address: DATA 000000E6 - 000000E7 (0x2 bytes), align: 0
  Segment part 18. ROOT 
           ENTRY                   ADDRESS         REF BY
           =====                   =======         ======
           _A_CANTIM               000000E6 
           LOCAL                   ADDRESS         
           =====                   =======         
           CANTIM                  000000E6 
           CANTIMH                 000000E7 
           CANTIML                 000000E6 
    -------------------------------------------------------------------------
ABSOLUTE
  Relative segment, address: DATA 000000E5 - 000000E5 (0x1 bytes), align: 0
  Segment part 19. ROOT 
           ENTRY                   ADDRESS         REF BY
           =====                   =======         ======
           _A_CANTCON              000000E5 
           LOCAL                   ADDRESS         
           =====                   =======         
           CANTCON                 000000E5 
    -------------------------------------------------------------------------
ABSOLUTE
  Relative segment, address: DATA 000000E4 - 000000E4 (0x1 bytes), align: 0
  Segment part 20. ROOT 
           ENTRY                   ADDRESS         REF BY
           =====                   =======         ======
           _A_CANBT3               000000E4 
           LOCAL                   ADDRESS         
           =====                   =======         
           CANBT3                  000000E4 
    -------------------------------------------------------------------------
ABSOLUTE
  Relative segment, address: DATA 000000E3 - 000000E3 (0x1 bytes), align: 0
  Segment part 21. ROOT 
           ENTRY                   ADDRESS         REF BY
           =====                   =======         ======
           _A_CANBT2               000000E3 
           LOCAL                   ADDRESS         
           =====                   =======         
           CANBT2                  000000E3 
    -------------------------------------------------------------------------
ABSOLUTE
  Relative segment, address: DATA 000000E2 - 000000E2 (0x1 bytes), align: 0
  Segment part 22. ROOT 
           ENTRY                   ADDRESS         REF BY
           =====                   =======         ======
           _A_CANBT1               000000E2 
           LOCAL                   ADDRESS         
           =====                   =======         
           CANBT1                  000000E2 
    -------------------------------------------------------------------------
ABSOLUTE
  Relative segment, address: DATA 000000E1 - 000000E1 (0x1 bytes), align: 0
  Segment part 23. ROOT 
           ENTRY                   ADDRESS         REF BY
           =====                   =======         ======
           _A_CANSIT1              000000E1 
           LOCAL                   ADDRESS         
           =====                   =======         
           CANSIT1                 000000E1 
    -------------------------------------------------------------------------
ABSOLUTE
  Relative segment, address: DATA 000000E0 - 000000E0 (0x1 bytes), align: 0
  Segment part 24. ROOT 
           ENTRY                   ADDRESS         REF BY
           =====                   =======         ======
           _A_CANSIT2              000000E0 
           LOCAL                   ADDRESS         
           =====                   =======         
           CANSIT2                 000000E0 
    -------------------------------------------------------------------------
ABSOLUTE
  Relative segment, address: DATA 000000DF - 000000DF (0x1 bytes), align: 0
  Segment part 25. ROOT 
           ENTRY                   ADDRESS         REF BY
           =====                   =======         ======
           _A_CANIE1               000000DF 
           LOCAL                   ADDRESS         
           =====                   =======         
           CANIE1                  000000DF 
    -------------------------------------------------------------------------
ABSOLUTE
  Relative segment, address: DATA 000000DE - 000000DE (0x1 bytes), align: 0
  Segment part 26. ROOT 
           ENTRY                   ADDRESS         REF BY
           =====                   =======         ======
           _A_CANIE2               000000DE 
           LOCAL                   ADDRESS         
           =====                   =======         
           CANIE2                  000000DE 
    -------------------------------------------------------------------------
ABSOLUTE
  Relative segment, address: DATA 000000DD - 000000DD (0x1 bytes), align: 0
  Segment part 27. ROOT 
           ENTRY                   ADDRESS         REF BY
           =====                   =======         ======
           _A_CANEN1               000000DD 
           LOCAL                   ADDRESS         
           =====                   =======         
           CANEN1                  000000DD 
    -------------------------------------------------------------------------
ABSOLUTE
  Relative segment, address: DATA 000000DC - 000000DC (0x1 bytes), align: 0
  Segment part 28. ROOT 
           ENTRY                   ADDRESS         REF BY
           =====                   =======         ======
           _A_CANEN2               000000DC 
           LOCAL                   ADDRESS         
           =====                   =======         
           CANEN2                  000000DC 
    -------------------------------------------------------------------------
ABSOLUTE
  Relative segment, address: DATA 000000DB - 000000DB (0x1 bytes), align: 0
  Segment part 29. ROOT 
           ENTRY                   ADDRESS         REF BY
           =====                   =======         ======
           _A_CANGIE               000000DB 
           LOCAL                   ADDRESS         
           =====                   =======         
           CANGIE                  000000DB 
    -------------------------------------------------------------------------
ABSOLUTE
  Relative segment, address: DATA 000000DA - 000000DA (0x1 bytes), align: 0
  Segment part 30. ROOT 
           ENTRY                   ADDRESS         REF BY
           =====                   =======         ======
           _A_CANGIT               000000DA 
           LOCAL                   ADDRESS         
           =====                   =======         
           CANGIT                  000000DA 
    -------------------------------------------------------------------------
ABSOLUTE
  Relative segment, address: DATA 000000D9 - 000000D9 (0x1 bytes), align: 0
  Segment part 31. ROOT 
           ENTRY                   ADDRESS         REF BY
           =====                   =======         ======
           _A_CANGSTA              000000D9 
           LOCAL                   ADDRESS         
           =====                   =======         
           CANGSTA                 000000D9 
    -------------------------------------------------------------------------
ABSOLUTE
  Relative segment, address: DATA 000000D8 - 000000D8 (0x1 bytes), align: 0
  Segment part 32. ROOT 
           ENTRY                   ADDRESS         REF BY
           =====                   =======         ======
           _A_CANGCON              000000D8 
           LOCAL                   ADDRESS         
           =====                   =======         
           CANGCON                 000000D8 
    -------------------------------------------------------------------------
ABSOLUTE
  Relative segment, address: DATA 000000CE - 000000CE (0x1 bytes), align: 0
  Segment part 33. ROOT       Intra module refs:   Lin_cmdm_rxdata
                                                   Lin_cmdm_txdata
                                                   _lin_it_uart_rx
                                                   lin_cmd (lin_lib)
           ENTRY                   ADDRESS         REF BY
           =====                   =======         ======
           _A_UDR1                 000000CE 
           LOCAL                   ADDRESS         
           =====                   =======         
           UDR1                    000000CE 
    -------------------------------------------------------------------------
ABSOLUTE
  Relative segment, address: DATA 000000CC - 000000CD (0x2 bytes), align: 0
  Segment part 34. ROOT       Intra module refs:   Uart_set_baudrate
           ENTRY                   ADDRESS         REF BY
           =====                   =======         ======
           _A_UBRR1                000000CC 
           LOCAL                   ADDRESS         
           =====                   =======         
           UBRR1                   000000CC 
           UBRR1H                  000000CD 
           UBRR1L                  000000CC 
    -------------------------------------------------------------------------
ABSOLUTE
  Relative segment, address: DATA 000000CA - 000000CA (0x1 bytes), align: 0
  Segment part 35. ROOT       Intra module refs:   Lin_hw_init
           ENTRY                   ADDRESS         REF BY
           =====                   =======         ======
           _A_UCSR1C               000000CA 
           LOCAL                   ADDRESS         
           =====                   =======         
           UCSR1C                  000000CA 
    -------------------------------------------------------------------------
ABSOLUTE
  Relative segment, address: DATA 000000C9 - 000000C9 (0x1 bytes), align: 0
  Segment part 36. ROOT       Intra module refs:   Lin_hw_init
           ENTRY                   ADDRESS         REF BY
           =====                   =======         ======
           _A_UCSR1B               000000C9 
           LOCAL                   ADDRESS         
           =====                   =======         
           UCSR1B                  000000C9 
    -------------------------------------------------------------------------
ABSOLUTE
  Relative segment, address: DATA 000000C8 - 000000C8 (0x1 bytes), align: 0
  Segment part 37. ROOT       Intra module refs:   _lin_it_uart_rx
           ENTRY                   ADDRESS         REF BY
           =====                   =======         ======
           _A_UCSR1A               000000C8 
           LOCAL                   ADDRESS         
           =====                   =======         
           UCSR1A                  000000C8 
    -------------------------------------------------------------------------
ABSOLUTE
  Relative segment, address: DATA 000000C6 - 000000C6 (0x1 bytes), align: 0
  Segment part 38. ROOT 
           ENTRY                   ADDRESS         REF BY
           =====                   =======         ======
           _A_UDR0                 000000C6 
           LOCAL                   ADDRESS         
           =====                   =======         
           UDR0                    000000C6 
    -------------------------------------------------------------------------
ABSOLUTE
  Relative segment, address: DATA 000000C4 - 000000C5 (0x2 bytes), align: 0
  Segment part 39. ROOT 
           ENTRY                   ADDRESS         REF BY
           =====                   =======         ======
           _A_UBRR0                000000C4 
           LOCAL                   ADDRESS         
           =====                   =======         
           UBRR0                   000000C4 
           UBRR0H                  000000C5 
           UBRR0L                  000000C4 
    -------------------------------------------------------------------------
ABSOLUTE
  Relative segment, address: DATA 000000C2 - 000000C2 (0x1 bytes), align: 0
  Segment part 40. ROOT 
           ENTRY                   ADDRESS         REF BY
           =====                   =======         ======
           _A_UCSR0C               000000C2 
           LOCAL                   ADDRESS         
           =====                   =======         
           UCSR0C                  000000C2 
    -------------------------------------------------------------------------
ABSOLUTE
  Relative segment, address: DATA 000000C1 - 000000C1 (0x1 bytes), align: 0
  Segment part 41. ROOT 
           ENTRY                   ADDRESS         REF BY
           =====                   =======         ======
           _A_UCSR0B               000000C1 
           LOCAL                   ADDRESS         
           =====                   =======         
           UCSR0B                  000000C1 
    -------------------------------------------------------------------------
ABSOLUTE
  Relative segment, address: DATA 000000C0 - 000000C0 (0x1 bytes), align: 0
  Segment part 42. ROOT 
           ENTRY                   ADDRESS         REF BY
           =====                   =======         ======
           _A_UCSR0A               000000C0 
           LOCAL                   ADDRESS         
           =====                   =======         
           UCSR0A                  000000C0 
    -------------------------------------------------------------------------
ABSOLUTE
  Relative segment, address: DATA 000000BC - 000000BC (0x1 bytes), align: 0
  Segment part 43. ROOT 
           ENTRY                   ADDRESS         REF BY
           =====                   =======         ======
           _A_TWCR                 000000BC 
           LOCAL                   ADDRESS         
           =====                   =======         
           TWCR                    000000BC 
    -------------------------------------------------------------------------
ABSOLUTE
  Relative segment, address: DATA 000000BB - 000000BB (0x1 bytes), align: 0
  Segment part 44. ROOT 
           ENTRY                   ADDRESS         REF BY
           =====                   =======         ======
           _A_TWDR                 000000BB 
           LOCAL                   ADDRESS         
           =====                   =======         
           TWDR                    000000BB 
    -------------------------------------------------------------------------
ABSOLUTE
  Relative segment, address: DATA 000000BA - 000000BA (0x1 bytes), align: 0
  Segment part 45. ROOT 
           ENTRY                   ADDRESS         REF BY
           =====                   =======         ======
           _A_TWAR                 000000BA 
           LOCAL                   ADDRESS         
           =====                   =======         
           TWAR                    000000BA 
    -------------------------------------------------------------------------
ABSOLUTE
  Relative segment, address: DATA 000000B9 - 000000B9 (0x1 bytes), align: 0
  Segment part 46. ROOT 
           ENTRY                   ADDRESS         REF BY
           =====                   =======         ======
           _A_TWSR                 000000B9 
           LOCAL                   ADDRESS         
           =====                   =======         
           TWSR                    000000B9 
    -------------------------------------------------------------------------
ABSOLUTE
  Relative segment, address: DATA 000000B8 - 000000B8 (0x1 bytes), align: 0
  Segment part 47. ROOT 
           ENTRY                   ADDRESS         REF BY
           =====                   =======         ======
           _A_TWBR                 000000B8 
           LOCAL                   ADDRESS         
           =====                   =======         
           TWBR                    000000B8 
    -------------------------------------------------------------------------
ABSOLUTE
  Relative segment, address: DATA 000000B6 - 000000B6 (0x1 bytes), align: 0
  Segment part 48. ROOT 
           ENTRY                   ADDRESS         REF BY
           =====                   =======         ======
           _A_ASSR                 000000B6 
           LOCAL                   ADDRESS         
           =====                   =======         
           ASSR                    000000B6 
    -------------------------------------------------------------------------
ABSOLUTE
  Relative segment, address: DATA 000000B3 - 000000B3 (0x1 bytes), align: 0
  Segment part 49. ROOT 
           ENTRY                   ADDRESS         REF BY
           =====                   =======         ======
           _A_OCR2A                000000B3 
           LOCAL                   ADDRESS         
           =====                   =======         
           OCR2A                   000000B3 
    -------------------------------------------------------------------------
ABSOLUTE
  Relative segment, address: DATA 000000B2 - 000000B2 (0x1 bytes), align: 0
  Segment part 50. ROOT       Intra module refs:   Timer2_start (timer2_lib)
           ENTRY                   ADDRESS         REF BY
           =====                   =======         ======
           _A_TCNT2                000000B2 
           LOCAL                   ADDRESS         
           =====                   =======         
           TCNT2                   000000B2 
    -------------------------------------------------------------------------
ABSOLUTE
  Relative segment, address: DATA 000000B0 - 000000B0 (0x1 bytes), align: 0
  Segment part 51. ROOT       Intra module refs:   ?Subroutine0 (timer2_lib)
                                                   Timer2_start (timer2_lib)
                                                   Timer2_stop (timer2_lib)
           ENTRY                   ADDRESS         REF BY
           =====                   =======         ======
           _A_TCCR2A               000000B0 
           LOCAL                   ADDRESS         
           =====                   =======         
           TCCR2A                  000000B0 
    -------------------------------------------------------------------------
ABSOLUTE
  Relative segment, address: DATA 0000009C - 0000009D (0x2 bytes), align: 0
  Segment part 52. ROOT 
           ENTRY                   ADDRESS         REF BY
           =====                   =======         ======
           _A_OCR3C                0000009C 
           LOCAL                   ADDRESS         
           =====                   =======         
           OCR3C                   0000009C 
           OCR3CH                  0000009D 
           OCR3CL                  0000009C 
    -------------------------------------------------------------------------
ABSOLUTE
  Relative segment, address: DATA 0000009A - 0000009B (0x2 bytes), align: 0
  Segment part 53. ROOT 
           ENTRY                   ADDRESS         REF BY
           =====                   =======         ======
           _A_OCR3B                0000009A 
           LOCAL                   ADDRESS         
           =====                   =======         
           OCR3B                   0000009A 
           OCR3BH                  0000009B 
           OCR3BL                  0000009A 
    -------------------------------------------------------------------------
ABSOLUTE
  Relative segment, address: DATA 00000098 - 00000099 (0x2 bytes), align: 0
  Segment part 54. ROOT 
           ENTRY                   ADDRESS         REF BY
           =====                   =======         ======
           _A_OCR3A                00000098 
           LOCAL                   ADDRESS         
           =====                   =======         
           OCR3A                   00000098 
           OCR3AH                  00000099 
           OCR3AL                  00000098 
    -------------------------------------------------------------------------
ABSOLUTE
  Relative segment, address: DATA 00000096 - 00000097 (0x2 bytes), align: 0
  Segment part 55. ROOT 
           ENTRY                   ADDRESS         REF BY
           =====                   =======         ======
           _A_ICR3                 00000096 
           LOCAL                   ADDRESS         
           =====                   =======         
           ICR3                    00000096 
           ICR3H                   00000097 
           ICR3L                   00000096 
    -------------------------------------------------------------------------
ABSOLUTE
  Relative segment, address: DATA 00000094 - 00000095 (0x2 bytes), align: 0
  Segment part 56. ROOT 
           ENTRY                   ADDRESS         REF BY
           =====                   =======         ======
           _A_TCNT3                00000094 
           LOCAL                   ADDRESS         
           =====                   =======         
           TCNT3                   00000094 
           TCNT3H                  00000095 
           TCNT3L                  00000094 
    -------------------------------------------------------------------------
ABSOLUTE
  Relative segment, address: DATA 00000092 - 00000092 (0x1 bytes), align: 0
  Segment part 57. ROOT 
           ENTRY                   ADDRESS         REF BY
           =====                   =======         ======
           _A_TCCR3C               00000092 
           LOCAL                   ADDRESS         
           =====                   =======         
           TCCR3C                  00000092 
    -------------------------------------------------------------------------
ABSOLUTE
  Relative segment, address: DATA 00000091 - 00000091 (0x1 bytes), align: 0
  Segment part 58. ROOT 
           ENTRY                   ADDRESS         REF BY
           =====                   =======         ======
           _A_TCCR3B               00000091 
           LOCAL                   ADDRESS         
           =====                   =======         
           TCCR3B                  00000091 
    -------------------------------------------------------------------------
ABSOLUTE
  Relative segment, address: DATA 00000090 - 00000090 (0x1 bytes), align: 0
  Segment part 59. ROOT 
           ENTRY                   ADDRESS         REF BY
           =====                   =======         ======
           _A_TCCR3A               00000090 
           LOCAL                   ADDRESS         
           =====                   =======         
           TCCR3A                  00000090 
    -------------------------------------------------------------------------
ABSOLUTE
  Relative segment, address: DATA 0000008C - 0000008D (0x2 bytes), align: 0
  Segment part 60. ROOT 
           ENTRY                   ADDRESS         REF BY
           =====                   =======         ======
           _A_OCR1C                0000008C 
           LOCAL                   ADDRESS         
           =====                   =======         
           OCR1C                   0000008C 
           OCR1CH                  0000008D 
           OCR1CL                  0000008C 
    -------------------------------------------------------------------------
ABSOLUTE
  Relative segment, address: DATA 0000008A - 0000008B (0x2 bytes), align: 0
  Segment part 61. ROOT 
           ENTRY                   ADDRESS         REF BY
           =====                   =======         ======
           _A_OCR1B                0000008A 
           LOCAL                   ADDRESS         
           =====                   =======         
           OCR1B                   0000008A 
           OCR1BH                  0000008B 
           OCR1BL                  0000008A 
    -------------------------------------------------------------------------
ABSOLUTE
  Relative segment, address: DATA 00000088 - 00000089 (0x2 bytes), align: 0
  Segment part 62. ROOT 
           ENTRY                   ADDRESS         REF BY
           =====                   =======         ======
           _A_OCR1A                00000088 
           LOCAL                   ADDRESS         
           =====                   =======         
           OCR1A                   00000088 
           OCR1AH                  00000089 
           OCR1AL                  00000088 
    -------------------------------------------------------------------------
ABSOLUTE
  Relative segment, address: DATA 00000086 - 00000087 (0x2 bytes), align: 0
  Segment part 63. ROOT 
           ENTRY                   ADDRESS         REF BY
           =====                   =======         ======
           _A_ICR1                 00000086 
           LOCAL                   ADDRESS         
           =====                   =======         
           ICR1                    00000086 
           ICR1H                   00000087 
           ICR1L                   00000086 
    -------------------------------------------------------------------------
ABSOLUTE
  Relative segment, address: DATA 00000084 - 00000085 (0x2 bytes), align: 0
  Segment part 64. ROOT       Intra module refs:   LIN_TIMER_init (master_lin)
                                                   TIMER1_Overflow_ISR (timer1ovf_isr)
           ENTRY                   ADDRESS         REF BY
           =====                   =======         ======
           _A_TCNT1                00000084 
           LOCAL                   ADDRESS         
           =====                   =======         
           TCNT1                   00000084 
           TCNT1H                  00000085 
           TCNT1L                  00000084 
    -------------------------------------------------------------------------
ABSOLUTE
  Relative segment, address: DATA 00000082 - 00000082 (0x1 bytes), align: 0
  Segment part 65. ROOT 
           ENTRY                   ADDRESS         REF BY
           =====                   =======         ======
           _A_TCCR1C               00000082 
           LOCAL                   ADDRESS         
           =====                   =======         
           TCCR1C                  00000082 
    -------------------------------------------------------------------------
ABSOLUTE
  Relative segment, address: DATA 00000081 - 00000081 (0x1 bytes), align: 0
  Segment part 66. ROOT       Intra module refs:   LIN_TIMER_init (master_lin)
           ENTRY                   ADDRESS         REF BY
           =====                   =======         ======
           _A_TCCR1B               00000081 
           LOCAL                   ADDRESS         
           =====                   =======         
           TCCR1B                  00000081 
    -------------------------------------------------------------------------
ABSOLUTE
  Relative segment, address: DATA 00000080 - 00000080 (0x1 bytes), align: 0
  Segment part 67. ROOT       Intra module refs:   LIN_TIMER_init (master_lin)
           ENTRY                   ADDRESS         REF BY
           =====                   =======         ======
           _A_TCCR1A               00000080 
           LOCAL                   ADDRESS         
           =====                   =======         
           TCCR1A                  00000080 
    -------------------------------------------------------------------------
ABSOLUTE
  Relative segment, address: DATA 0000007F - 0000007F (0x1 bytes), align: 0
  Segment part 68. ROOT 
           ENTRY                   ADDRESS         REF BY
           =====                   =======         ======
           _A_DIDR1                0000007F 
           LOCAL                   ADDRESS         
           =====                   =======         
           DIDR1                   0000007F 
    -------------------------------------------------------------------------
ABSOLUTE
  Relative segment, address: DATA 0000007E - 0000007E (0x1 bytes), align: 0
  Segment part 69. ROOT 
           ENTRY                   ADDRESS         REF BY
           =====                   =======         ======
           _A_DIDR0                0000007E 
           LOCAL                   ADDRESS         
           =====                   =======         
           DIDR0                   0000007E 
    -------------------------------------------------------------------------
ABSOLUTE
  Relative segment, address: DATA 0000007C - 0000007C (0x1 bytes), align: 0
  Segment part 70. ROOT 
           ENTRY                   ADDRESS         REF BY
           =====                   =======         ======
           _A_ADMUX                0000007C 
           LOCAL                   ADDRESS         
           =====                   =======         
           ADMUX                   0000007C 
    -------------------------------------------------------------------------
ABSOLUTE
  Relative segment, address: DATA 0000007B - 0000007B (0x1 bytes), align: 0
  Segment part 71. ROOT 
           ENTRY                   ADDRESS         REF BY
           =====                   =======         ======
           _A_ADCSRB               0000007B 
           LOCAL                   ADDRESS         
           =====                   =======         
           ADCSRB                  0000007B 
    -------------------------------------------------------------------------
ABSOLUTE
  Relative segment, address: DATA 0000007A - 0000007A (0x1 bytes), align: 0
  Segment part 72. ROOT 
           ENTRY                   ADDRESS         REF BY
           =====                   =======         ======
           _A_ADCSRA               0000007A 
           LOCAL                   ADDRESS         
           =====                   =======         
           ADCSRA                  0000007A 
    -------------------------------------------------------------------------
ABSOLUTE
  Relative segment, address: DATA 00000078 - 00000079 (0x2 bytes), align: 0
  Segment part 73. ROOT 
           ENTRY                   ADDRESS         REF BY
           =====                   =======         ======
           _A_ADC                  00000078 
           LOCAL                   ADDRESS         
           =====                   =======         
           ADC                     00000078 
           ADCH                    00000079 
           ADCL                    00000078 
    -------------------------------------------------------------------------
ABSOLUTE
  Relative segment, address: DATA 00000075 - 00000075 (0x1 bytes), align: 0
  Segment part 74. ROOT 
           ENTRY                   ADDRESS         REF BY
           =====                   =======         ======
           _A_XMCRB                00000075 
           LOCAL                   ADDRESS         
           =====                   =======         
           XMCRB                   00000075 
    -------------------------------------------------------------------------
ABSOLUTE
  Relative segment, address: DATA 00000074 - 00000074 (0x1 bytes), align: 0
  Segment part 75. ROOT 
           ENTRY                   ADDRESS         REF BY
           =====                   =======         ======
           _A_XMCRA                00000074 
           LOCAL                   ADDRESS         
           =====                   =======         
           XMCRA                   00000074 
    -------------------------------------------------------------------------
ABSOLUTE
  Relative segment, address: DATA 00000071 - 00000071 (0x1 bytes), align: 0
  Segment part 76. ROOT 
           ENTRY                   ADDRESS         REF BY
           =====                   =======         ======
           _A_TIMSK3               00000071 
           LOCAL                   ADDRESS         
           =====                   =======         
           TIMSK3                  00000071 
    -------------------------------------------------------------------------
ABSOLUTE
  Relative segment, address: DATA 00000070 - 00000070 (0x1 bytes), align: 0
  Segment part 77. ROOT       Intra module refs:   Timer2_start (timer2_lib)
                                                   Timer2_stop (timer2_lib)
           ENTRY                   ADDRESS         REF BY
           =====                   =======         ======
           _A_TIMSK2               00000070 
           LOCAL                   ADDRESS         
           =====                   =======         
           TIMSK2                  00000070 
    -------------------------------------------------------------------------
ABSOLUTE
  Relative segment, address: DATA 0000006F - 0000006F (0x1 bytes), align: 0
  Segment part 78. ROOT       Intra module refs:   LIN_TIMER_init (master_lin)
           ENTRY                   ADDRESS         REF BY
           =====                   =======         ======
           _A_TIMSK1               0000006F 
           LOCAL                   ADDRESS         
           =====                   =======         
           TIMSK1                  0000006F 
    -------------------------------------------------------------------------
ABSOLUTE
  Relative segment, address: DATA 0000006E - 0000006E (0x1 bytes), align: 0
  Segment part 79. ROOT 
           ENTRY                   ADDRESS         REF BY
           =====                   =======         ======
           _A_TIMSK0               0000006E 
           LOCAL                   ADDRESS         
           =====                   =======         
           TIMSK0                  0000006E 
    -------------------------------------------------------------------------
ABSOLUTE
  Relative segment, address: DATA 0000006A - 0000006A (0x1 bytes), align: 0
  Segment part 80. ROOT 
           ENTRY                   ADDRESS         REF BY
           =====                   =======         ======
           _A_EICRB                0000006A 
           LOCAL                   ADDRESS         
           =====                   =======         
           EICRB                   0000006A 
    -------------------------------------------------------------------------
ABSOLUTE
  Relative segment, address: DATA 00000069 - 00000069 (0x1 bytes), align: 0
  Segment part 81. ROOT 
           ENTRY                   ADDRESS         REF BY
           =====                   =======         ======
           _A_EICRA                00000069 
           LOCAL                   ADDRESS         
           =====                   =======         
           EICRA                   00000069 
    -------------------------------------------------------------------------
ABSOLUTE
  Relative segment, address: DATA 00000066 - 00000066 (0x1 bytes), align: 0
  Segment part 82. ROOT 
           ENTRY                   ADDRESS         REF BY
           =====                   =======         ======
           _A_OSCCAL               00000066 
           LOCAL                   ADDRESS         
           =====                   =======         
           OSCCAL                  00000066 
    -------------------------------------------------------------------------
ABSOLUTE
  Relative segment, address: DATA 00000061 - 00000061 (0x1 bytes), align: 0
  Segment part 83. ROOT       Intra module refs:   main (lin_master_example_main)
           ENTRY                   ADDRESS         REF BY
           =====                   =======         ======
           _A_CLKPR                00000061 
           LOCAL                   ADDRESS         
           =====                   =======         
           CLKPR                   00000061 
    -------------------------------------------------------------------------
ABSOLUTE
  Relative segment, address: DATA 00000060 - 00000060 (0x1 bytes), align: 0
  Segment part 84. ROOT 
           ENTRY                   ADDRESS         REF BY
           =====                   =======         ======
           _A_WDTCR                00000060 
           LOCAL                   ADDRESS         
           =====                   =======         
           WDTCR                   00000060 
    -------------------------------------------------------------------------
ABSOLUTE
  Relative segment, address: DATA 0000005F - 0000005F (0x1 bytes), align: 0
  Segment part 85. ROOT       Intra module refs:   main (lin_master_example_main)
           ENTRY                   ADDRESS         REF BY
           =====                   =======         ======
           _A_SREG                 0000005F 
           LOCAL                   ADDRESS         
           =====                   =======         
           SREG                    0000005F 
    -------------------------------------------------------------------------
ABSOLUTE
  Relative segment, address: DATA 0000005D - 0000005E (0x2 bytes), align: 0
  Segment part 86. ROOT 
           ENTRY                   ADDRESS         REF BY
           =====                   =======         ======
           _A_SP                   0000005D 
           LOCAL                   ADDRESS         
           =====                   =======         
           SP                      0000005D 
           SPH                     0000005E 
           SPL                     0000005D 
    -------------------------------------------------------------------------
ABSOLUTE
  Relative segment, address: DATA 0000005B - 0000005B (0x1 bytes), align: 0
  Segment part 87. ROOT 
           ENTRY                   ADDRESS         REF BY
           =====                   =======         ======
           _A_RAMPZ                0000005B 
           LOCAL                   ADDRESS         
           =====                   =======         
           RAMPZ                   0000005B 
    -------------------------------------------------------------------------
ABSOLUTE
  Relative segment, address: DATA 00000057 - 00000057 (0x1 bytes), align: 0
  Segment part 88. ROOT 
           ENTRY                   ADDRESS         REF BY
           =====                   =======         ======
           _A_SPMCSR               00000057 
           LOCAL                   ADDRESS         
           =====                   =======         
           SPMCSR                  00000057 
    -------------------------------------------------------------------------
ABSOLUTE
  Relative segment, address: DATA 00000055 - 00000055 (0x1 bytes), align: 0
  Segment part 89. ROOT 
           ENTRY                   ADDRESS         REF BY
           =====                   =======         ======
           _A_MCUCR                00000055 
           LOCAL                   ADDRESS         
           =====                   =======         
           MCUCR                   00000055 
    -------------------------------------------------------------------------
ABSOLUTE
  Relative segment, address: DATA 00000054 - 00000054 (0x1 bytes), align: 0
  Segment part 90. ROOT 
           ENTRY                   ADDRESS         REF BY
           =====                   =======         ======
           _A_MCUSR                00000054 
           LOCAL                   ADDRESS         
           =====                   =======         
           MCUSR                   00000054 
    -------------------------------------------------------------------------
ABSOLUTE
  Relative segment, address: DATA 00000053 - 00000053 (0x1 bytes), align: 0
  Segment part 91. ROOT 
           ENTRY                   ADDRESS         REF BY
           =====                   =======         ======
           _A_SMCR                 00000053 
           LOCAL                   ADDRESS         
           =====                   =======         
           SMCR                    00000053 
    -------------------------------------------------------------------------
ABSOLUTE
  Relative segment, address: DATA 00000051 - 00000051 (0x1 bytes), align: 0
  Segment part 92. ROOT 
           ENTRY                   ADDRESS         REF BY
           =====                   =======         ======
           _A_OCDR                 00000051 
           LOCAL                   ADDRESS         
           =====                   =======         
           OCDR                    00000051 
    -------------------------------------------------------------------------
ABSOLUTE
  Relative segment, address: DATA 00000050 - 00000050 (0x1 bytes), align: 0
  Segment part 93. ROOT 
           ENTRY                   ADDRESS         REF BY
           =====                   =======         ======
           _A_ACSR                 00000050 
           LOCAL                   ADDRESS         
           =====                   =======         
           ACSR                    00000050 
    -------------------------------------------------------------------------
ABSOLUTE
  Relative segment, address: DATA 0000004E - 0000004E (0x1 bytes), align: 0
  Segment part 94. ROOT 
           ENTRY                   ADDRESS         REF BY
           =====                   =======         ======
           _A_SPDR                 0000004E 
           LOCAL                   ADDRESS         
           =====                   =======         
           SPDR                    0000004E 
    -------------------------------------------------------------------------
ABSOLUTE
  Relative segment, address: DATA 0000004D - 0000004D (0x1 bytes), align: 0
  Segment part 95. ROOT 
           ENTRY                   ADDRESS         REF BY
           =====                   =======         ======
           _A_SPSR                 0000004D 
           LOCAL                   ADDRESS         
           =====                   =======         
           SPSR                    0000004D 
    -------------------------------------------------------------------------
ABSOLUTE
  Relative segment, address: DATA 0000004C - 0000004C (0x1 bytes), align: 0
  Segment part 96. ROOT 
           ENTRY                   ADDRESS         REF BY
           =====                   =======         ======
           _A_SPCR                 0000004C 
           LOCAL                   ADDRESS         
           =====                   =======         
           SPCR                    0000004C 
    -------------------------------------------------------------------------
ABSOLUTE
  Relative segment, address: DATA 0000004B - 0000004B (0x1 bytes), align: 0
  Segment part 97. ROOT 
           ENTRY                   ADDRESS         REF BY
           =====                   =======         ======
           _A_GPIOR2               0000004B 
           LOCAL                   ADDRESS         
           =====                   =======         
           GPIOR2                  0000004B 
    -------------------------------------------------------------------------
ABSOLUTE
  Relative segment, address: DATA 0000004A - 0000004A (0x1 bytes), align: 0
  Segment part 98. ROOT 
           ENTRY                   ADDRESS         REF BY
           =====                   =======         ======
           _A_GPIOR1               0000004A 
           LOCAL                   ADDRESS         
           =====                   =======         
           GPIOR1                  0000004A 
    -------------------------------------------------------------------------
ABSOLUTE
  Relative segment, address: DATA 00000047 - 00000047 (0x1 bytes), align: 0
  Segment part 99. ROOT 
           ENTRY                   ADDRESS         REF BY
           =====                   =======         ======
           _A_OCR0A                00000047 
           LOCAL                   ADDRESS         
           =====                   =======         
           OCR0A                   00000047 
    -------------------------------------------------------------------------
ABSOLUTE
  Relative segment, address: DATA 00000046 - 00000046 (0x1 bytes), align: 0
  Segment part 100. ROOT 
           ENTRY                   ADDRESS         REF BY
           =====                   =======         ======
           _A_TCNT0                00000046 
           LOCAL                   ADDRESS         
           =====                   =======         
           TCNT0                   00000046 
    -------------------------------------------------------------------------
ABSOLUTE
  Relative segment, address: DATA 00000044 - 00000044 (0x1 bytes), align: 0
  Segment part 101. ROOT 
           ENTRY                   ADDRESS         REF BY
           =====                   =======         ======
           _A_TCCR0A               00000044 
           LOCAL                   ADDRESS         
           =====                   =======         
           TCCR0A                  00000044 
    -------------------------------------------------------------------------
ABSOLUTE
  Relative segment, address: DATA 00000043 - 00000043 (0x1 bytes), align: 0
  Segment part 102. ROOT 
           ENTRY                   ADDRESS         REF BY
           =====                   =======         ======
           _A_GTCCR                00000043 
           LOCAL                   ADDRESS         
           =====                   =======         
           GTCCR                   00000043 
    -------------------------------------------------------------------------
ABSOLUTE
  Relative segment, address: DATA 00000041 - 00000042 (0x2 bytes), align: 0
  Segment part 103. ROOT 
           ENTRY                   ADDRESS         REF BY
           =====                   =======         ======
           _A_EEAR                 00000041 
           LOCAL                   ADDRESS         
           =====                   =======         
           EEAR                    00000041 
           EEARH                   00000042 
           EEARL                   00000041 
    -------------------------------------------------------------------------
ABSOLUTE
  Relative segment, address: DATA 00000040 - 00000040 (0x1 bytes), align: 0
  Segment part 104. ROOT 
           ENTRY                   ADDRESS         REF BY
           =====                   =======         ======
           _A_EEDR                 00000040 
           LOCAL                   ADDRESS         
           =====                   =======         
           EEDR                    00000040 
    -------------------------------------------------------------------------
ABSOLUTE
  Relative segment, address: DATA 0000003F - 0000003F (0x1 bytes), align: 0
  Segment part 105. ROOT 
           ENTRY                   ADDRESS         REF BY
           =====                   =======         ======
           _A_EECR                 0000003F 
           LOCAL                   ADDRESS         
           =====                   =======         
           EECR                    0000003F 
    -------------------------------------------------------------------------
ABSOLUTE
  Relative segment, address: DATA 0000003E - 0000003E (0x1 bytes), align: 0
  Segment part 106. ROOT 
           ENTRY                   ADDRESS         REF BY
           =====                   =======         ======
           _A_GPIOR0               0000003E 
           LOCAL                   ADDRESS         
           =====                   =======         
           GPIOR0                  0000003E 
    -------------------------------------------------------------------------
ABSOLUTE
  Relative segment, address: DATA 0000003D - 0000003D (0x1 bytes), align: 0
  Segment part 107. ROOT 
           ENTRY                   ADDRESS         REF BY
           =====                   =======         ======
           _A_EIMSK                0000003D 
           LOCAL                   ADDRESS         
           =====                   =======         
           EIMSK                   0000003D 
    -------------------------------------------------------------------------
ABSOLUTE
  Relative segment, address: DATA 0000003C - 0000003C (0x1 bytes), align: 0
  Segment part 108. ROOT 
           ENTRY                   ADDRESS         REF BY
           =====                   =======         ======
           _A_EIFR                 0000003C 
           LOCAL                   ADDRESS         
           =====                   =======         
           EIFR                    0000003C 
    -------------------------------------------------------------------------
ABSOLUTE
  Relative segment, address: DATA 00000038 - 00000038 (0x1 bytes), align: 0
  Segment part 109. ROOT 
           ENTRY                   ADDRESS         REF BY
           =====                   =======         ======
           _A_TIFR3                00000038 
           LOCAL                   ADDRESS         
           =====                   =======         
           TIFR3                   00000038 
    -------------------------------------------------------------------------
ABSOLUTE
  Relative segment, address: DATA 00000037 - 00000037 (0x1 bytes), align: 0
  Segment part 110. ROOT 
           ENTRY                   ADDRESS         REF BY
           =====                   =======         ======
           _A_TIFR2                00000037 
           LOCAL                   ADDRESS         
           =====                   =======         
           TIFR2                   00000037 
    -------------------------------------------------------------------------
ABSOLUTE
  Relative segment, address: DATA 00000036 - 00000036 (0x1 bytes), align: 0
  Segment part 111. ROOT 
           ENTRY                   ADDRESS         REF BY
           =====                   =======         ======
           _A_TIFR1                00000036 
           LOCAL                   ADDRESS         
           =====                   =======         
           TIFR1                   00000036 
    -------------------------------------------------------------------------
ABSOLUTE
  Relative segment, address: DATA 00000035 - 00000035 (0x1 bytes), align: 0
  Segment part 112. ROOT 
           ENTRY                   ADDRESS         REF BY
           =====                   =======         ======
           _A_TIFR0                00000035 
           LOCAL                   ADDRESS         
           =====                   =======         
           TIFR0                   00000035 
    -------------------------------------------------------------------------
ABSOLUTE
  Relative segment, address: DATA 00000034 - 00000034 (0x1 bytes), align: 0
  Segment part 113. ROOT 
           ENTRY                   ADDRESS         REF BY
           =====                   =======         ======
           _A_PORTG                00000034 
           LOCAL                   ADDRESS         
           =====                   =======         
           PORTG                   00000034 
    -------------------------------------------------------------------------
ABSOLUTE
  Relative segment, address: DATA 00000033 - 00000033 (0x1 bytes), align: 0
  Segment part 114. ROOT      Intra module refs:   main (lin_master_example_main)
           ENTRY                   ADDRESS         REF BY
           =====                   =======         ======
           _A_DDRG                 00000033 
           LOCAL                   ADDRESS         
           =====                   =======         
           DDRG                    00000033 
    -------------------------------------------------------------------------
ABSOLUTE
  Relative segment, address: DATA 00000032 - 00000032 (0x1 bytes), align: 0
  Segment part 115. ROOT 
           ENTRY                   ADDRESS         REF BY
           =====                   =======         ======
           _A_PING                 00000032 
           LOCAL                   ADDRESS         
           =====                   =======         
           PING                    00000032 
    -------------------------------------------------------------------------
ABSOLUTE
  Relative segment, address: DATA 00000031 - 00000031 (0x1 bytes), align: 0
  Segment part 116. ROOT 
           ENTRY                   ADDRESS         REF BY
           =====                   =======         ======
           _A_PORTF                00000031 
           LOCAL                   ADDRESS         
           =====                   =======         
           PORTF                   00000031 
    -------------------------------------------------------------------------
ABSOLUTE
  Relative segment, address: DATA 00000030 - 00000030 (0x1 bytes), align: 0
  Segment part 117. ROOT      Intra module refs:   main (lin_master_example_main)
           ENTRY                   ADDRESS         REF BY
           =====                   =======         ======
           _A_DDRF                 00000030 
           LOCAL                   ADDRESS         
           =====                   =======         
           DDRF                    00000030 
    -------------------------------------------------------------------------
ABSOLUTE
  Relative segment, address: DATA 0000002F - 0000002F (0x1 bytes), align: 0
  Segment part 118. ROOT 
           ENTRY                   ADDRESS         REF BY
           =====                   =======         ======
           _A_PINF                 0000002F 
           LOCAL                   ADDRESS         
           =====                   =======         
           PINF                    0000002F 
    -------------------------------------------------------------------------
ABSOLUTE
  Relative segment, address: DATA 0000002E - 0000002E (0x1 bytes), align: 0
  Segment part 119. ROOT 
           ENTRY                   ADDRESS         REF BY
           =====                   =======         ======
           _A_PORTE                0000002E 
           LOCAL                   ADDRESS         
           =====                   =======         
           PORTE                   0000002E 
    -------------------------------------------------------------------------
ABSOLUTE
  Relative segment, address: DATA 0000002D - 0000002D (0x1 bytes), align: 0
  Segment part 120. ROOT      Intra module refs:   main (lin_master_example_main)
           ENTRY                   ADDRESS         REF BY
           =====                   =======         ======
           _A_DDRE                 0000002D 
           LOCAL                   ADDRESS         
           =====                   =======         
           DDRE                    0000002D 
    -------------------------------------------------------------------------
ABSOLUTE
  Relative segment, address: DATA 0000002C - 0000002C (0x1 bytes), align: 0
  Segment part 121. ROOT 
           ENTRY                   ADDRESS         REF BY
           =====                   =======         ======
           _A_PINE                 0000002C 
           LOCAL                   ADDRESS         
           =====                   =======         
           PINE                    0000002C 
    -------------------------------------------------------------------------
ABSOLUTE
  Relative segment, address: DATA 0000002B - 0000002B (0x1 bytes), align: 0
  Segment part 122. ROOT      Intra module refs:   main (lin_master_example_main)
           ENTRY                   ADDRESS         REF BY
           =====                   =======         ======
           _A_PORTD                0000002B 
           LOCAL                   ADDRESS         
           =====                   =======         
           PORTD                   0000002B 
    -------------------------------------------------------------------------
ABSOLUTE
  Relative segment, address: DATA 0000002A - 0000002A (0x1 bytes), align: 0
  Segment part 123. ROOT      Intra module refs:   main (lin_master_example_main)
           ENTRY                   ADDRESS         REF BY
           =====                   =======         ======
           _A_DDRD                 0000002A 
           LOCAL                   ADDRESS         
           =====                   =======         
           DDRD                    0000002A 
    -------------------------------------------------------------------------
ABSOLUTE
  Relative segment, address: DATA 00000029 - 00000029 (0x1 bytes), align: 0
  Segment part 124. ROOT 
           ENTRY                   ADDRESS         REF BY
           =====                   =======         ======
           _A_PIND                 00000029 
           LOCAL                   ADDRESS         
           =====                   =======         
           PIND                    00000029 
    -------------------------------------------------------------------------
ABSOLUTE
  Relative segment, address: DATA 00000028 - 00000028 (0x1 bytes), align: 0
  Segment part 125. ROOT      Intra module refs:   Lin_hw_init
           ENTRY                   ADDRESS         REF BY
           =====                   =======         ======
           _A_PORTC                00000028 
           LOCAL                   ADDRESS         
           =====                   =======         
           PORTC                   00000028 
    -------------------------------------------------------------------------
ABSOLUTE
  Relative segment, address: DATA 00000027 - 00000027 (0x1 bytes), align: 0
  Segment part 126. ROOT      Intra module refs:   Lin_hw_init
                                                   main (lin_master_example_main)
           ENTRY                   ADDRESS         REF BY
           =====                   =======         ======
           _A_DDRC                 00000027 
           LOCAL                   ADDRESS         
           =====                   =======         
           DDRC                    00000027 
    -------------------------------------------------------------------------
ABSOLUTE
  Relative segment, address: DATA 00000026 - 00000026 (0x1 bytes), align: 0
  Segment part 127. ROOT 
           ENTRY                   ADDRESS         REF BY
           =====                   =======         ======
           _A_PINC                 00000026 
           LOCAL                   ADDRESS         
           =====                   =======         
           PINC                    00000026 
    -------------------------------------------------------------------------
ABSOLUTE
  Relative segment, address: DATA 00000025 - 00000025 (0x1 bytes), align: 0
  Segment part 128. ROOT 
           ENTRY                   ADDRESS         REF BY
           =====                   =======         ======
           _A_PORTB                00000025 
           LOCAL                   ADDRESS         
           =====                   =======         
           PORTB                   00000025 
    -------------------------------------------------------------------------
ABSOLUTE
  Relative segment, address: DATA 00000024 - 00000024 (0x1 bytes), align: 0
  Segment part 129. ROOT      Intra module refs:   main (lin_master_example_main)
           ENTRY                   ADDRESS         REF BY
           =====                   =======         ======
           _A_DDRB                 00000024 
           LOCAL                   ADDRESS         
           =====                   =======         
           DDRB                    00000024 
    -------------------------------------------------------------------------
ABSOLUTE
  Relative segment, address: DATA 00000023 - 00000023 (0x1 bytes), align: 0
  Segment part 130. ROOT 
           ENTRY                   ADDRESS         REF BY
           =====                   =======         ======
           _A_PINB                 00000023 
           LOCAL                   ADDRESS         
           =====                   =======         
           PINB                    00000023 
    -------------------------------------------------------------------------
ABSOLUTE
  Relative segment, address: DATA 00000022 - 00000022 (0x1 bytes), align: 0
  Segment part 131. ROOT 
           ENTRY                   ADDRESS         REF BY
           =====                   =======         ======
           _A_PORTA                00000022 
           LOCAL                   ADDRESS         
           =====                   =======         
           PORTA                   00000022 
    -------------------------------------------------------------------------
ABSOLUTE
  Relative segment, address: DATA 00000021 - 00000021 (0x1 bytes), align: 0
  Segment part 132. ROOT      Intra module refs:   main (lin_master_example_main)
           ENTRY                   ADDRESS         REF BY
           =====                   =======         ======
           _A_DDRA                 00000021 
           LOCAL                   ADDRESS         
           =====                   =======         
           DDRA                    00000021 
    -------------------------------------------------------------------------
ABSOLUTE
  Relative segment, address: DATA 00000020 - 00000020 (0x1 bytes), align: 0
  Segment part 133. ROOT      Intra module refs:   main (lin_master_example_main)
           ENTRY                   ADDRESS         REF BY
           =====                   =======         ======
           _A_PINA                 00000020 
           LOCAL                   ADDRESS         
           =====                   =======         
           PINA                    00000020 
    -------------------------------------------------------------------------
NEAR_Z
  Relative segment, address: DATA 00000100 - 00000100 (0x1 bytes), align: 0
  Segment part 142. ROOT      Intra module refs:   _lin_it_uart_rx
[...]
           ENTRY                   ADDRESS         REF BY
           =====                   =======         ======
           CmdCtr                  00000163 
    -------------------------------------------------------------------------
CODE
  Relative segment, address: CODE 00000BCC - 00000C4D (0x82 bytes), align: 1
  Segment part 143.           Intra module refs:   TIMER1_Overflow_ISR::??INTVEC 60
           ENTRY                   ADDRESS         REF BY
           =====                   =======         ======
           TIMER1_Overflow_ISR     00000BCC 
               interrupt function
               calls direct
               CSTACK = 00000000 ( 00000010 )
               RSTACK = 00000000 ( 00000002 )
    -------------------------------------------------------------------------
INTVEC
  Common segment, address: CODE 00000000 - 0000003F (0x40 bytes), align: 1
  Segment part 138. ROOT 
           ENTRY                   ADDRESS         REF BY
           =====                   =======         ======
           TIMER1_Overflow_ISR::??INTVEC 60
                                   0000003C 

    *************************************************************************

  FILE NAME : C:\Users\lisa\Desktop\LIN_BWS\LIN_MASTER_EXAMPLE\Debug\Obj\timer2_lib.r90
  PROGRAM MODULE, NAME : timer2_lib

  SEGMENTS IN THE MODULE
  ======================
CODE
  Relative segment, address: CODE 00000C4E - 00000C59 (0xc bytes), align: 1
  Segment part 140.
           ENTRY                   ADDRESS         REF BY
           =====                   =======         ======
           Timer2_start            00000C4E        Lin_cmdm_rxdata (lin_drv_usart)
                                                   Lin_cmdm_txdata (lin_drv_usart)
                                                   Lin_dlctonbyte (lin_drv_usart)
                                                   _lin_it_uart_rx (lin_drv_usart)
               RSTACK = 00000000 ( 00000002 )
    -------------------------------------------------------------------------
CODE
  Relative segment, address: CODE 00000C5A - 00000C5F (0x6 bytes), align: 1
  Segment part 141.           Intra module refs:   Timer2_start
                                                   Timer2_stop
           LOCAL                   ADDRESS         
           =====                   =======         
           ?Subroutine0            00000C5A 
    -------------------------------------------------------------------------
CODE
  Relative segment, address: CODE 00000C60 - 00000C6D (0xe bytes), align: 1
  Segment part 142.
           ENTRY                   ADDRESS         REF BY
           =====                   =======         ======
           Timer2_stop             00000C60        Lin_dlctonbyte (lin_drv_usart)
                                                   TIMER2_Overflow_ISR (timer2ovf_isr)
                                                   _lin_it_uart_rx (lin_drv_usart)
               RSTACK = 00000000 ( 00000002 )

    *************************************************************************

  FILE NAME : C:\Users\lisa\Desktop\LIN_BWS\LIN_MASTER_EXAMPLE\Debug\Obj\timer2ovf_isr.r90
  PROGRAM MODULE, NAME : timer2ovf_isr

  SEGMENTS IN THE MODULE
  ======================
NEAR_Z
  Relative segment, address: DATA 00000165 - 00000165 (0x1 bytes), align: 0
  Segment part 141. ROOT 
           ENTRY                   ADDRESS         REF BY
           =====                   =======         ======
           timout_ovf_cnt          00000165 
    -------------------------------------------------------------------------
CODE
  Relative segment, address: CODE 00000C6E - 00000CD5 (0x68 bytes), align: 1
  Segment part 143.           Intra module refs:   TIMER2_Overflow_ISR::??INTVEC 40
           ENTRY                   ADDRESS         REF BY
           =====                   =======         ======
           TIMER2_Overflow_ISR     00000C6E 
               interrupt function
               calls direct
               CSTACK = 00000000 ( 00000010 )
               RSTACK = 00000000 ( 00000002 )
    -------------------------------------------------------------------------
INTVEC
  Common segment, address: CODE 00000000 - 0000002B (0x2c bytes), align: 1
  Segment part 138. ROOT 
           ENTRY                   ADDRESS         REF BY
           =====                   =======         ======
           TIMER2_Overflow_ISR::??INTVEC 40
                                   00000028 

    *************************************************************************

  FILE NAME : C:\Program Files (x86)\IAR Systems\Embedded Workbench 7.0\avr\LIB\CLIB\cl3s-ec_mul.r90
  LIBRARY MODULE, NAME : ?__exit

  SEGMENTS IN THE MODULE
  ======================
CODE
  Relative segment, address: CODE 00000CD6 - 00000CDB (0x6 bytes), align: 1
  Segment part 0.
           ENTRY                   ADDRESS         REF BY
           =====                   =======         ======
           __exit                  00000CD8 
           ?C_EXIT                 00000CD8 
           ?C_FUNCALL              00000CD6 
           _exit                   00000CD6        ?cstartup_call_main (?C_STARTUP)
           exit                    00000CD6        ?cstartup_call_main (?C_STARTUP)

    -------------------------------------------------------------------------
  LIBRARY MODULE, NAME : ?RESET

  SEGMENTS IN THE MODULE
  ======================
INTVEC
  Common segment, address: CODE 00000000 - 00000003 (0x4 bytes), align: 1
  Segment part 0. ROOT 
           ENTRY                   ADDRESS         REF BY
           =====                   =======         ======
           __program_start         00000000        Absolute parts (?ABS_ENTRY_MOD)
           ?RESET                  00000000        Segment part 2 (?C_STARTUP)

    -------------------------------------------------------------------------
  LIBRARY MODULE, NAME : ?C_STARTUP

  SEGMENTS IN THE MODULE
  ======================
CODE
  Relative segment, address: CODE 00000CDC, align: 1
  Segment part 2.
           ENTRY                   ADDRESS         REF BY
           =====                   =======         ======
           ?C_STARTUP              00000CDC        Segment part 0 (?RESET)
           __RESTART               00000CDC 
    -------------------------------------------------------------------------
CODE
  Relative segment, address: CODE 00000CDC - 00000CE7 (0xc bytes), align: 1
  Segment part 5.             Intra module refs:   Segment part 2
    -------------------------------------------------------------------------
CODE
  Relative segment, address: CODE 00000CE8 - 00000CEB (0x4 bytes), align: 1
  Segment part 7.             Intra module refs:   Segment part 5
           ENTRY                   ADDRESS         REF BY
           =====                   =======         ======
           ?call_low_level_init    00000CE8 
    -------------------------------------------------------------------------
CODE
  Relative segment, address: CODE 00000CEC - 00000CF3 (0x8 bytes), align: 1
  Segment part 8.
           ENTRY                   ADDRESS         REF BY
           =====                   =======         ======
           ?need_segment_init      00000CEC        ?<Segment init: NEAR_Z> (lin_drv_usart)
    -------------------------------------------------------------------------
CODE
  Relative segment, address: CODE 00000CF4 - 00000CFF (0xc bytes), align: 1
  Segment part 9.             Intra module refs:   ?call_low_level_init
           ENTRY                   ADDRESS         REF BY
           =====                   =======         ======
           ?cstartup_call_main     00000CF4 

    -------------------------------------------------------------------------
  LIBRARY MODULE, NAME : ?xV_SWITCH_L06

  SEGMENTS IN THE MODULE
  ======================
CODE
  Relative segment, address: CODE 00000D00 - 00000D9B (0x9c bytes), align: 1
  Segment part 0.
           ENTRY                   ADDRESS         REF BY
           =====                   =======         ======
           ?CV_SWITCH_L06          00000D12        _lin_it_uart_rx (lin_drv_usart)
           ?SV_SWITCH_L06          00000D1A 
           ?LV_SWITCH_L06          00000D26 

    -------------------------------------------------------------------------
  LIBRARY MODULE, NAME : ?PROLOGUE_L09

  SEGMENTS IN THE MODULE
  ======================
CODE
  Relative segment, address: CODE 00000D9C - 00000D9D (0x2 bytes), align: 1
  Segment part 11.
           ENTRY                   ADDRESS         REF BY
           =====                   =======         ======
           ?PROLOGUE5_L09          00000D9C        DataReceived_Notification (master_lin)
    -------------------------------------------------------------------------
CODE
  Relative segment, address: CODE 00000D9E - 00000D9F (0x2 bytes), align: 1
  Segment part 12.            Intra module refs:   ?PROLOGUE5_L09
           ENTRY                   ADDRESS         REF BY
           =====                   =======         ======
           ?PROLOGUE4_L09          00000D9E        Start_Lin_Master (master_lin)
                                                   lin_cmd (lin_lib)
                                                   lin_getstatus (lin_lib)
    -------------------------------------------------------------------------
CODE
  Relative segment, address: CODE 00000DA0 - 00000DA1 (0x2 bytes), align: 1
  Segment part 13.            Intra module refs:   ?PROLOGUE4_L09
           ENTRY                   ADDRESS         REF BY
           =====                   =======         ======
           ?PROLOGUE3_L09          00000DA0 
    -------------------------------------------------------------------------
CODE
  Relative segment, address: CODE 00000DA2 - 00000DA3 (0x2 bytes), align: 1
  Segment part 14.            Intra module refs:   ?PROLOGUE3_L09
           ENTRY                   ADDRESS         REF BY
           =====                   =======         ======
           ?PROLOGUE2_L09          00000DA2 
    -------------------------------------------------------------------------
CODE
  Relative segment, address: CODE 00000DA4 - 00000DA5 (0x2 bytes), align: 1
  Segment part 15.            Intra module refs:   ?PROLOGUE2_L09
           ENTRY                   ADDRESS         REF BY
           =====                   =======         ======
           ?PROLOGUE1_L09          00000DA4 
    -------------------------------------------------------------------------
CODE
  Relative segment, address: CODE 00000DA6 - 00000DA7 (0x2 bytes), align: 1
  Segment part 16.            Intra module refs:   ?PROLOGUE1_L09

    -------------------------------------------------------------------------
  LIBRARY MODULE, NAME : ?EPILOGUE_B_L09

  SEGMENTS IN THE MODULE
  ======================
CODE
  Relative segment, address: CODE 00000DA8 - 00000DA9 (0x2 bytes), align: 1
  Segment part 11.
           ENTRY                   ADDRESS         REF BY
           =====                   =======         ======
           ?EPILOGUE_B5_L09        00000DA8        DataReceived_Notification (master_lin)
    -------------------------------------------------------------------------
CODE
  Relative segment, address: CODE 00000DAA - 00000DAB (0x2 bytes), align: 1
  Segment part 12.            Intra module refs:   ?EPILOGUE_B5_L09
           ENTRY                   ADDRESS         REF BY
           =====                   =======         ======
           ?EPILOGUE_B4_L09        00000DAA        ?Subroutine1 (lin_lib)
                                                   Start_Lin_Master (master_lin)
    -------------------------------------------------------------------------
CODE
  Relative segment, address: CODE 00000DAC - 00000DAD (0x2 bytes), align: 1
  Segment part 13.            Intra module refs:   ?EPILOGUE_B4_L09
           ENTRY                   ADDRESS         REF BY
           =====                   =======         ======
           ?EPILOGUE_B3_L09        00000DAC 
    -------------------------------------------------------------------------
CODE
  Relative segment, address: CODE 00000DAE - 00000DAF (0x2 bytes), align: 1
  Segment part 14.            Intra module refs:   ?EPILOGUE_B3_L09
           ENTRY                   ADDRESS         REF BY
           =====                   =======         ======
           ?EPILOGUE_B2_L09        00000DAE 
    -------------------------------------------------------------------------
CODE
  Relative segment, address: CODE 00000DB0 - 00000DB1 (0x2 bytes), align: 1
  Segment part 15.            Intra module refs:   ?EPILOGUE_B2_L09
           ENTRY                   ADDRESS         REF BY
           =====                   =======         ======
           ?EPILOGUE_B1_L09        00000DB0 
    -------------------------------------------------------------------------
CODE
  Relative segment, address: CODE 00000DB2 - 00000DBB (0xa bytes), align: 1
  Segment part 16.            Intra module refs:   ?EPILOGUE_B1_L09
           ENTRY                   ADDRESS         REF BY
           =====                   =======         ======
           ?EPILOGUE_B0_L09        00000DB2 

    -------------------------------------------------------------------------
  LIBRARY MODULE, NAME : ?REGISTER_CGREGR4_L10

  SEGMENTS IN THE MODULE
  ======================
CODE
  Relative segment, address: CODE 00000DBC, align: 1
  Segment part 0.
           ENTRY                   ADDRESS         REF BY
           =====                   =======         ======
           ?Register_R4_is_cg_reg
                                   00000DBC        DataReceived_Notification (master_lin)

    -------------------------------------------------------------------------
  LIBRARY MODULE, NAME : ?low_level_init

  SEGMENTS IN THE MODULE
  ======================
CODE
  Relative segment, address: CODE 00000DBC - 00000DBF (0x4 bytes), align: 1
  Segment part 3.
           ENTRY                   ADDRESS         REF BY
           =====                   =======         ======
           __low_level_init        00000DBC        ?call_low_level_init (?C_STARTUP)
               RSTACK = 00000000 ( 00000002 )

    -------------------------------------------------------------------------
  LIBRARY MODULE, NAME : ?segment_init

  SEGMENTS IN THE MODULE
  ======================
CODE
  Relative segment, address: CODE 00000DC0 - 00000DC7 (0x8 bytes), align: 1
  Segment part 3.             Intra module refs:   __segment_init
           LOCAL                   ADDRESS         
           =====                   =======         
           __memclr                00000DC0 
               RSTACK = 00000000 ( 00000002 )
    -------------------------------------------------------------------------
CODE
  Relative segment, address: CODE 00000DC8 - 00000DD3 (0xc bytes), align: 1
  Segment part 4.             Intra module refs:   __segment_init
           LOCAL                   ADDRESS         
           =====                   =======         
           __flashcpy              00000DC8 
               RSTACK = 00000000 ( 00000002 )
    -------------------------------------------------------------------------
CODE
  Relative segment, address: CODE 00000DD4 - 00000DDF (0xc bytes), align: 1
  Segment part 5.             Intra module refs:   __flashcpy
                                                   __memclr
    -------------------------------------------------------------------------
CODE
  Relative segment, address: CODE 00000DE0 - 00000E41 (0x62 bytes), align: 1
  Segment part 6.
           ENTRY                   ADDRESS         REF BY
           =====                   =======         ======
           __segment_init          00000DE0        ?need_segment_init (?C_STARTUP)
               calls direct
               RSTACK = 00000000 ( 00000002 )

    *************************************************************************

  DEFINED ABSOLUTE ENTRIES
  PROGRAM MODULE, NAME : ?FILLER_BYTES

  SEGMENTS IN THE MODULE
  ======================
INTVEC
  Common segment, address: CODE 00000000 - 00000083 (0x84 bytes), align: 0
  Segment part 1.
    -------------------------------------------------------------------------
?FILL1
  Relative segment, address: CODE 00000084 - 00000093 (0x10 bytes), align: 0
  Segment part 0.




                ****************************************
                *                                      *
                *      SEGMENTS IN ADDRESS ORDER       *
                *                                      *
                ****************************************


SEGMENT              SPACE    START ADDRESS   END ADDRESS     SIZE  TYPE  ALIGN
=======              =====    =============   ===========     ====  ====  =====
INTVEC               CODE          00000000 - 00000083          84   com    1
?FILL1               CODE          00000084 - 00000093          10   rel    0
NEAR_F               CODE               00000094                     dse    0
SWITCH               CODE          00000094 - 000000AB          18   rel    1
CODE                 CODE          000000AC - 00000E41         D96   rel    1
HUGE_F               CODE               00000E42                     dse    0
INITTAB              CODE          00000E42 - 00000E48           7   rel    0
ABSOLUTE             DATA               0000001F                     rel    0
                     DATA               00000020                   
                     DATA          0000003C - 00000044           9 
                     DATA          00000046 - 00000047           2 
                     DATA          0000004A - 0000004E           5 
                     DATA          00000050 - 00000051           2 
                     DATA          00000053 - 00000055           3 
                     DATA          00000057 - 00000057           1 
                     DATA          0000005B - 0000005B           1 
                     DATA          0000005D - 00000061           5 
                     DATA          00000066 - 00000066           1 
                     DATA          00000069 - 0000006A           2 
                     DATA          0000006E - 00000071           4 
                     DATA          00000074 - 00000075           2 
                     DATA          00000078 - 0000007C           5 
                     DATA          0000007E - 00000082           5 
                     DATA          00000084 - 0000008D           A 
                     DATA          00000090 - 00000092           3 
                     DATA          00000094 - 0000009D           A 
                     DATA          000000B0 - 000000B0           1 
                     DATA          000000B2 - 000000B3           2 
                     DATA          000000B6 - 000000B6           1 
                     DATA          000000B8 - 000000BC           5 
                     DATA          000000C0 - 000000C2           3 
                     DATA          000000C4 - 000000C6           3 
                     DATA          000000C8 - 000000CA           3 
                     DATA          000000CC - 000000CE           3 
                     DATA          000000D8 - 000000FA          23 
NEAR_I               DATA               00000100                     dse    0
NEAR_Z               DATA          00000100 - 00000165          66   rel    0
RSTACK               DATA          00000166 - 000001A5          40   dse    0
CSTACK               DATA          000001A6 - 000003A5         200   dse    0

                ****************************************
                *                                      *
                *        END OF CROSS REFERENCE        *
                *                                      *
                ****************************************

 3 641 bytes of CODE memory (+              16 range fill )
   678 bytes of DATA memory (+ 151 absolute )

Errors: none
Warnings: none

